---
source: src/when_utc_offset.rs
expression: err
---
Error {
    input: "24",
    code: Verify,
}
