---
source: src/gmt_time.rs
expression: err
---
0: at line 1, in Verify:
12:60 GMT
   ^
