---
source: src/am_pm_time.rs
expression: err
---
0: at line 1, in Verify:
13 am
^
