---
source: src/time_duration.rs
expression: err
---
0: at line 1, in Digit:
unknown
^
