---
source: src/when_date.rs
expression: err
---
Error {
    input: "unknown",
    code: Digit,
}
