---
source: src/am_pm_time.rs
expression: err
---
Error {
    input: "60 am",
    code: Verify,
}
