---
source: src/when_exact_date.rs
expression: err
---
0: at line 1, in MapRes:
32/12/2004
      ^

1: at line 1, in Alt:
32/12/2004
^
