---
source: src/when_relative_time.rs
expression: err
---
Error {
    input: "unknown",
    code: Tag,
}
