---
source: src/when_exact_date.rs
expression: err
---
0: at line 1, in Tag:
00/01/2004
^

1: at line 1, in Alt:
00/01/2004
^

2: at line 1, in Alt:
00/01/2004
^

3: at line 1, in Alt:
00/01/2004
^
