---
source: src/gmt_time.rs
expression: err
---
Error {
    input: "60 GMT",
    code: Verify,
}
