---
source: src/time_kind.rs
expression: out
---
0: at line 1, in Tag:
unknown
^

1: at line 1, in Alt:
unknown
^
