---
source: src/when_exact_date.rs
expression: err
---
0: at line 1, in Tag:
unknown
^

1: at line 1, in Alt:
unknown
^

2: at line 1, in Alt:
unknown
^

3: at line 1, in Alt:
unknown
^
