---
source: src/when_exact_date.rs
expression: err
---
0: at line 1, in Space:
01/13/2004
  ^

1: at line 1, in Alt:
01/13/2004
^
