---
source: src/date_kind.rs
expression: err
---
Error {
    input: "unknown",
    code: Tag,
}
