---
source: src/weekday.rs
expression: err
---
Error {
    input: "unknown",
    code: Tag,
}
