---
source: src/when_relative_date.rs
expression: err
---
0: at line 1, in Tag:
unknown
^

1: at line 1, in Alt:
unknown
^
