---
source: src/gmt_time.rs
expression: err
---
Error {
    input: "24 GMT",
    code: Verify,
}
